  Determining projects to restore...
  All projects are up-to-date for restore.
C:\Users\faiza\.gemini\antigravity\scratch\WholesaleOrderSystem\WholesaleOrderSystem.API\Program.cs(18,55): error CS0234: The type or namespace name 'Models' does not exist in the namespace 'Microsoft.OpenApi' (are you missing an assembly reference?) [C:\Users\faiza\.gemini\antigravity\scratch\WholesaleOrderSystem\WholesaleOrderSystem.API\WholesaleOrderSystem.API.csproj]
C:\Users\faiza\.gemini\antigravity\scratch\WholesaleOrderSystem\WholesaleOrderSystem.API\Program.cs(19,81): error CS0234: The type or namespace name 'Models' does not exist in the namespace 'Microsoft.OpenApi' (are you missing an assembly reference?) [C:\Users\faiza\.gemini\antigravity\scratch\WholesaleOrderSystem\WholesaleOrderSystem.API\WholesaleOrderSystem.API.csproj]
C:\Users\faiza\.gemini\antigravity\scratch\WholesaleOrderSystem\WholesaleOrderSystem.API\Program.cs(21,20): error CS0234: The type or namespace name 'Models' does not exist in the namespace 'Microsoft.OpenApi' (are you missing an assembly reference?) [C:\Users\faiza\.gemini\antigravity\scratch\WholesaleOrderSystem\WholesaleOrderSystem.API\WholesaleOrderSystem.API.csproj]
C:\Users\faiza\.gemini\antigravity\scratch\WholesaleOrderSystem\WholesaleOrderSystem.API\Program.cs(25,18): error CS1061: 'OpenApiDocument' does not contain a definition for 'SecurityRequirements' and no accessible extension method 'SecurityRequirements' accepting a first argument of type 'OpenApiDocument' could be found (are you missing a using directive or an assembly reference?) [C:\Users\faiza\.gemini\antigravity\scratch\WholesaleOrderSystem\WholesaleOrderSystem.API\WholesaleOrderSystem.API.csproj]
C:\Users\faiza\.gemini\antigravity\scratch\WholesaleOrderSystem\WholesaleOrderSystem.API\Program.cs(25,65): error CS0234: The type or namespace name 'Models' does not exist in the namespace 'Microsoft.OpenApi' (are you missing an assembly reference?) [C:\Users\faiza\.gemini\antigravity\scratch\WholesaleOrderSystem\WholesaleOrderSystem.API\WholesaleOrderSystem.API.csproj]
C:\Users\faiza\.gemini\antigravity\scratch\WholesaleOrderSystem\WholesaleOrderSystem.API\Program.cs(27,36): error CS0234: The type or namespace name 'Models' does not exist in the namespace 'Microsoft.OpenApi' (are you missing an assembly reference?) [C:\Users\faiza\.gemini\antigravity\scratch\WholesaleOrderSystem\WholesaleOrderSystem.API\WholesaleOrderSystem.API.csproj]
C:\Users\faiza\.gemini\antigravity\scratch\WholesaleOrderSystem\WholesaleOrderSystem.API\Program.cs(29,51): error CS0234: The type or namespace name 'Models' does not exist in the namespace 'Microsoft.OpenApi' (are you missing an assembly reference?) [C:\Users\faiza\.gemini\antigravity\scratch\WholesaleOrderSystem\WholesaleOrderSystem.API\WholesaleOrderSystem.API.csproj]
C:\Users\faiza\.gemini\antigravity\scratch\WholesaleOrderSystem\WholesaleOrderSystem.API\Program.cs(31,28): error CS0234: The type or namespace name 'Models' does not exist in the namespace 'Microsoft.OpenApi' (are you missing an assembly reference?) [C:\Users\faiza\.gemini\antigravity\scratch\WholesaleOrderSystem\WholesaleOrderSystem.API\WholesaleOrderSystem.API.csproj]

Build FAILED.

C:\Users\faiza\.gemini\antigravity\scratch\WholesaleOrderSystem\WholesaleOrderSystem.API\Program.cs(18,55): error CS0234: The type or namespace name 'Models' does not exist in the namespace 'Microsoft.OpenApi' (are you missing an assembly reference?) [C:\Users\faiza\.gemini\antigravity\scratch\WholesaleOrderSystem\WholesaleOrderSystem.API\WholesaleOrderSystem.API.csproj]
C:\Users\faiza\.gemini\antigravity\scratch\WholesaleOrderSystem\WholesaleOrderSystem.API\Program.cs(19,81): error CS0234: The type or namespace name 'Models' does not exist in the namespace 'Microsoft.OpenApi' (are you missing an assembly reference?) [C:\Users\faiza\.gemini\antigravity\scratch\WholesaleOrderSystem\WholesaleOrderSystem.API\WholesaleOrderSystem.API.csproj]
C:\Users\faiza\.gemini\antigravity\scratch\WholesaleOrderSystem\WholesaleOrderSystem.API\Program.cs(21,20): error CS0234: The type or namespace name 'Models' does not exist in the namespace 'Microsoft.OpenApi' (are you missing an assembly reference?) [C:\Users\faiza\.gemini\antigravity\scratch\WholesaleOrderSystem\WholesaleOrderSystem.API\WholesaleOrderSystem.API.csproj]
C:\Users\faiza\.gemini\antigravity\scratch\WholesaleOrderSystem\WholesaleOrderSystem.API\Program.cs(25,18): error CS1061: 'OpenApiDocument' does not contain a definition for 'SecurityRequirements' and no accessible extension method 'SecurityRequirements' accepting a first argument of type 'OpenApiDocument' could be found (are you missing a using directive or an assembly reference?) [C:\Users\faiza\.gemini\antigravity\scratch\WholesaleOrderSystem\WholesaleOrderSystem.API\WholesaleOrderSystem.API.csproj]
C:\Users\faiza\.gemini\antigravity\scratch\WholesaleOrderSystem\WholesaleOrderSystem.API\Program.cs(25,65): error CS0234: The type or namespace name 'Models' does not exist in the namespace 'Microsoft.OpenApi' (are you missing an assembly reference?) [C:\Users\faiza\.gemini\antigravity\scratch\WholesaleOrderSystem\WholesaleOrderSystem.API\WholesaleOrderSystem.API.csproj]
C:\Users\faiza\.gemini\antigravity\scratch\WholesaleOrderSystem\WholesaleOrderSystem.API\Program.cs(27,36): error CS0234: The type or namespace name 'Models' does not exist in the namespace 'Microsoft.OpenApi' (are you missing an assembly reference?) [C:\Users\faiza\.gemini\antigravity\scratch\WholesaleOrderSystem\WholesaleOrderSystem.API\WholesaleOrderSystem.API.csproj]
C:\Users\faiza\.gemini\antigravity\scratch\WholesaleOrderSystem\WholesaleOrderSystem.API\Program.cs(29,51): error CS0234: The type or namespace name 'Models' does not exist in the namespace 'Microsoft.OpenApi' (are you missing an assembly reference?) [C:\Users\faiza\.gemini\antigravity\scratch\WholesaleOrderSystem\WholesaleOrderSystem.API\WholesaleOrderSystem.API.csproj]
C:\Users\faiza\.gemini\antigravity\scratch\WholesaleOrderSystem\WholesaleOrderSystem.API\Program.cs(31,28): error CS0234: The type or namespace name 'Models' does not exist in the namespace 'Microsoft.OpenApi' (are you missing an assembly reference?) [C:\Users\faiza\.gemini\antigravity\scratch\WholesaleOrderSystem\WholesaleOrderSystem.API\WholesaleOrderSystem.API.csproj]
    0 Warning(s)
    8 Error(s)

Time Elapsed 00:00:03.50
