  Determining projects to restore...
  All projects are up-to-date for restore.
C:\Users\faiza\.gemini\antigravity\scratch\WholesaleOrderSystem\WholesaleOrderSystem.API\Program.cs(15,46): error CS0234: The type or namespace name 'Models' does not exist in the namespace 'Microsoft.OpenApi' (are you missing an assembly reference?) [C:\Users\faiza\.gemini\antigravity\scratch\WholesaleOrderSystem\WholesaleOrderSystem.API\WholesaleOrderSystem.API.csproj]
C:\Users\faiza\.gemini\antigravity\scratch\WholesaleOrderSystem\WholesaleOrderSystem.API\Program.cs(18,61): error CS0234: The type or namespace name 'Models' does not exist in the namespace 'Microsoft.OpenApi' (are you missing an assembly reference?) [C:\Users\faiza\.gemini\antigravity\scratch\WholesaleOrderSystem\WholesaleOrderSystem.API\WholesaleOrderSystem.API.csproj]
C:\Users\faiza\.gemini\antigravity\scratch\WholesaleOrderSystem\WholesaleOrderSystem.API\Program.cs(21,16): error CS0234: The type or namespace name 'Models' does not exist in the namespace 'Microsoft.OpenApi' (are you missing an assembly reference?) [C:\Users\faiza\.gemini\antigravity\scratch\WholesaleOrderSystem\WholesaleOrderSystem.API\WholesaleOrderSystem.API.csproj]
C:\Users\faiza\.gemini\antigravity\scratch\WholesaleOrderSystem\WholesaleOrderSystem.API\Program.cs(24,14): error CS0234: The type or namespace name 'Models' does not exist in the namespace 'Microsoft.OpenApi' (are you missing an assembly reference?) [C:\Users\faiza\.gemini\antigravity\scratch\WholesaleOrderSystem\WholesaleOrderSystem.API\WholesaleOrderSystem.API.csproj]
C:\Users\faiza\.gemini\antigravity\scratch\WholesaleOrderSystem\WholesaleOrderSystem.API\Program.cs(28,52): error CS0234: The type or namespace name 'Models' does not exist in the namespace 'Microsoft.OpenApi' (are you missing an assembly reference?) [C:\Users\faiza\.gemini\antigravity\scratch\WholesaleOrderSystem\WholesaleOrderSystem.API\WholesaleOrderSystem.API.csproj]
C:\Users\faiza\.gemini\antigravity\scratch\WholesaleOrderSystem\WholesaleOrderSystem.API\Program.cs(31,35): error CS0234: The type or namespace name 'Models' does not exist in the namespace 'Microsoft.OpenApi' (are you missing an assembly reference?) [C:\Users\faiza\.gemini\antigravity\scratch\WholesaleOrderSystem\WholesaleOrderSystem.API\WholesaleOrderSystem.API.csproj]
C:\Users\faiza\.gemini\antigravity\scratch\WholesaleOrderSystem\WholesaleOrderSystem.API\Program.cs(33,51): error CS0234: The type or namespace name 'Models' does not exist in the namespace 'Microsoft.OpenApi' (are you missing an assembly reference?) [C:\Users\faiza\.gemini\antigravity\scratch\WholesaleOrderSystem\WholesaleOrderSystem.API\WholesaleOrderSystem.API.csproj]
C:\Users\faiza\.gemini\antigravity\scratch\WholesaleOrderSystem\WholesaleOrderSystem.API\Program.cs(35,28): error CS0234: The type or namespace name 'Models' does not exist in the namespace 'Microsoft.OpenApi' (are you missing an assembly reference?) [C:\Users\faiza\.gemini\antigravity\scratch\WholesaleOrderSystem\WholesaleOrderSystem.API\WholesaleOrderSystem.API.csproj]
C:\Users\faiza\.gemini\antigravity\scratch\WholesaleOrderSystem\WholesaleOrderSystem.API\obj\Debug\net10.0\Microsoft.AspNetCore.OpenApi.SourceGenerators\Microsoft.AspNetCore.OpenApi.SourceGenerators.XmlCommentGenerator\OpenApiXmlCommentSupport.generated.cs(399,41): error CS0200: Property or indexer 'IOpenApiMediaType.Example' cannot be assigned to -- it is read only [C:\Users\faiza\.gemini\antigravity\scratch\WholesaleOrderSystem\WholesaleOrderSystem.API\WholesaleOrderSystem.API.csproj]
C:\Users\faiza\.gemini\antigravity\scratch\WholesaleOrderSystem\WholesaleOrderSystem.API\obj\Debug\net10.0\Microsoft.AspNetCore.OpenApi.SourceGenerators\Microsoft.AspNetCore.OpenApi.SourceGenerators.XmlCommentGenerator\OpenApiXmlCommentSupport.generated.cs(461,41): error CS0200: Property or indexer 'IOpenApiMediaType.Example' cannot be assigned to -- it is read only [C:\Users\faiza\.gemini\antigravity\scratch\WholesaleOrderSystem\WholesaleOrderSystem.API\WholesaleOrderSystem.API.csproj]

Build FAILED.

C:\Users\faiza\.gemini\antigravity\scratch\WholesaleOrderSystem\WholesaleOrderSystem.API\Program.cs(15,46): error CS0234: The type or namespace name 'Models' does not exist in the namespace 'Microsoft.OpenApi' (are you missing an assembly reference?) [C:\Users\faiza\.gemini\antigravity\scratch\WholesaleOrderSystem\WholesaleOrderSystem.API\WholesaleOrderSystem.API.csproj]
C:\Users\faiza\.gemini\antigravity\scratch\WholesaleOrderSystem\WholesaleOrderSystem.API\Program.cs(18,61): error CS0234: The type or namespace name 'Models' does not exist in the namespace 'Microsoft.OpenApi' (are you missing an assembly reference?) [C:\Users\faiza\.gemini\antigravity\scratch\WholesaleOrderSystem\WholesaleOrderSystem.API\WholesaleOrderSystem.API.csproj]
C:\Users\faiza\.gemini\antigravity\scratch\WholesaleOrderSystem\WholesaleOrderSystem.API\Program.cs(21,16): error CS0234: The type or namespace name 'Models' does not exist in the namespace 'Microsoft.OpenApi' (are you missing an assembly reference?) [C:\Users\faiza\.gemini\antigravity\scratch\WholesaleOrderSystem\WholesaleOrderSystem.API\WholesaleOrderSystem.API.csproj]
C:\Users\faiza\.gemini\antigravity\scratch\WholesaleOrderSystem\WholesaleOrderSystem.API\Program.cs(24,14): error CS0234: The type or namespace name 'Models' does not exist in the namespace 'Microsoft.OpenApi' (are you missing an assembly reference?) [C:\Users\faiza\.gemini\antigravity\scratch\WholesaleOrderSystem\WholesaleOrderSystem.API\WholesaleOrderSystem.API.csproj]
C:\Users\faiza\.gemini\antigravity\scratch\WholesaleOrderSystem\WholesaleOrderSystem.API\Program.cs(28,52): error CS0234: The type or namespace name 'Models' does not exist in the namespace 'Microsoft.OpenApi' (are you missing an assembly reference?) [C:\Users\faiza\.gemini\antigravity\scratch\WholesaleOrderSystem\WholesaleOrderSystem.API\WholesaleOrderSystem.API.csproj]
C:\Users\faiza\.gemini\antigravity\scratch\WholesaleOrderSystem\WholesaleOrderSystem.API\Program.cs(31,35): error CS0234: The type or namespace name 'Models' does not exist in the namespace 'Microsoft.OpenApi' (are you missing an assembly reference?) [C:\Users\faiza\.gemini\antigravity\scratch\WholesaleOrderSystem\WholesaleOrderSystem.API\WholesaleOrderSystem.API.csproj]
C:\Users\faiza\.gemini\antigravity\scratch\WholesaleOrderSystem\WholesaleOrderSystem.API\Program.cs(33,51): error CS0234: The type or namespace name 'Models' does not exist in the namespace 'Microsoft.OpenApi' (are you missing an assembly reference?) [C:\Users\faiza\.gemini\antigravity\scratch\WholesaleOrderSystem\WholesaleOrderSystem.API\WholesaleOrderSystem.API.csproj]
C:\Users\faiza\.gemini\antigravity\scratch\WholesaleOrderSystem\WholesaleOrderSystem.API\Program.cs(35,28): error CS0234: The type or namespace name 'Models' does not exist in the namespace 'Microsoft.OpenApi' (are you missing an assembly reference?) [C:\Users\faiza\.gemini\antigravity\scratch\WholesaleOrderSystem\WholesaleOrderSystem.API\WholesaleOrderSystem.API.csproj]
C:\Users\faiza\.gemini\antigravity\scratch\WholesaleOrderSystem\WholesaleOrderSystem.API\obj\Debug\net10.0\Microsoft.AspNetCore.OpenApi.SourceGenerators\Microsoft.AspNetCore.OpenApi.SourceGenerators.XmlCommentGenerator\OpenApiXmlCommentSupport.generated.cs(399,41): error CS0200: Property or indexer 'IOpenApiMediaType.Example' cannot be assigned to -- it is read only [C:\Users\faiza\.gemini\antigravity\scratch\WholesaleOrderSystem\WholesaleOrderSystem.API\WholesaleOrderSystem.API.csproj]
C:\Users\faiza\.gemini\antigravity\scratch\WholesaleOrderSystem\WholesaleOrderSystem.API\obj\Debug\net10.0\Microsoft.AspNetCore.OpenApi.SourceGenerators\Microsoft.AspNetCore.OpenApi.SourceGenerators.XmlCommentGenerator\OpenApiXmlCommentSupport.generated.cs(461,41): error CS0200: Property or indexer 'IOpenApiMediaType.Example' cannot be assigned to -- it is read only [C:\Users\faiza\.gemini\antigravity\scratch\WholesaleOrderSystem\WholesaleOrderSystem.API\WholesaleOrderSystem.API.csproj]
    0 Warning(s)
    10 Error(s)

Time Elapsed 00:00:02.51
